// Jest Snapshot v1, https://goo.gl/fbAQLP

exports[`Navbar Should render as expected should work as expected 1`] = `
Object {
  "asFragment": [Function],
  "baseElement": <body>
    <div>
      <div
        class="mx-5 my-3 pb-3 px-4 hstack gap-3"
        style="border-bottom: 1px solid black;"
      >
        <img
          alt="logo"
          src="uranus.png"
          style="width: 64px; height: 64px;"
        />
        <h1>
          Space Travelers' Hub
        </h1>
        <div
          class="ms-auto nav"
        >
          <div
            class="nav-item"
          >
            <a
              aria-current="page"
              class="nav-link active"
              exact="true"
              href="/"
            >
              Rockets 
            </a>
          </div>
          <div
            class="nav-item"
          >
            <a
              class="nav-link"
              href="/missions"
              style="border-right: 2px solid black; padding-right: 15px;"
            >
              Missions
            </a>
          </div>
          <div
            class="nav-item"
          >
            <a
              class="nav-link"
              href="/myprofile"
            >
              My Profile
            </a>
          </div>
        </div>
      </div>
    </div>
  </body>,
  "container": <div>
    <div
      class="mx-5 my-3 pb-3 px-4 hstack gap-3"
      style="border-bottom: 1px solid black;"
    >
      <img
        alt="logo"
        src="uranus.png"
        style="width: 64px; height: 64px;"
      />
      <h1>
        Space Travelers' Hub
      </h1>
      <div
        class="ms-auto nav"
      >
        <div
          class="nav-item"
        >
          <a
            aria-current="page"
            class="nav-link active"
            exact="true"
            href="/"
          >
            Rockets 
          </a>
        </div>
        <div
          class="nav-item"
        >
          <a
            class="nav-link"
            href="/missions"
            style="border-right: 2px solid black; padding-right: 15px;"
          >
            Missions
          </a>
        </div>
        <div
          class="nav-item"
        >
          <a
            class="nav-link"
            href="/myprofile"
          >
            My Profile
          </a>
        </div>
      </div>
    </div>
  </div>,
  "debug": [Function],
  "findAllByAltText": [Function],
  "findAllByDisplayValue": [Function],
  "findAllByLabelText": [Function],
  "findAllByPlaceholderText": [Function],
  "findAllByRole": [Function],
  "findAllByTestId": [Function],
  "findAllByText": [Function],
  "findAllByTitle": [Function],
  "findByAltText": [Function],
  "findByDisplayValue": [Function],
  "findByLabelText": [Function],
  "findByPlaceholderText": [Function],
  "findByRole": [Function],
  "findByTestId": [Function],
  "findByText": [Function],
  "findByTitle": [Function],
  "getAllByAltText": [Function],
  "getAllByDisplayValue": [Function],
  "getAllByLabelText": [Function],
  "getAllByPlaceholderText": [Function],
  "getAllByRole": [Function],
  "getAllByTestId": [Function],
  "getAllByText": [Function],
  "getAllByTitle": [Function],
  "getByAltText": [Function],
  "getByDisplayValue": [Function],
  "getByLabelText": [Function],
  "getByPlaceholderText": [Function],
  "getByRole": [Function],
  "getByTestId": [Function],
  "getByText": [Function],
  "getByTitle": [Function],
  "queryAllByAltText": [Function],
  "queryAllByDisplayValue": [Function],
  "queryAllByLabelText": [Function],
  "queryAllByPlaceholderText": [Function],
  "queryAllByRole": [Function],
  "queryAllByTestId": [Function],
  "queryAllByText": [Function],
  "queryAllByTitle": [Function],
  "queryByAltText": [Function],
  "queryByDisplayValue": [Function],
  "queryByLabelText": [Function],
  "queryByPlaceholderText": [Function],
  "queryByRole": [Function],
  "queryByTestId": [Function],
  "queryByText": [Function],
  "queryByTitle": [Function],
  "rerender": [Function],
  "unmount": [Function],
}
`;
